// Vitest Snapshot v1, https://vitest.dev/guide/snapshot.html

exports[`Characters component > renders image and names underneath 1`] = `
<div>
  <div
    class="_charactersContainer_9adf01"
  >
    <img
      alt="characters"
      class="_charactersImage_9adf01"
      src="/src/assets/wheres-waldo-characters.jpg"
    />
  </div>
  <p>
    <b>
      Wally     Woof         Wenda                 Wizard                 Odlaw
    </b>
  </p>
</div>
`;

exports[`Footer component > renders image and names underneath 1`] = `
<div>
  <div
    class="_charactersContainer_9adf01"
  >
    <img
      alt="characters"
      class="_charactersImage_9adf01"
      src="/src/assets/wheres-waldo-characters.jpg"
    />
  </div>
  <p>
    <b>
      Wally     Woof         Wenda                 Wizard                 Odlaw
    </b>
  </p>
</div>
`;
